Analysis & Synthesis report for top
Tue Apr  9 11:10:37 2019
Quartus Prime Version 18.1.0 Build 625 09/12/2018 SJ Lite Edition


---------------------
; Table of Contents ;
---------------------
  1. Legal Notice
  2. Analysis & Synthesis Summary
  3. Analysis & Synthesis Settings
  4. Parallel Compilation
  5. Analysis & Synthesis Source Files Read
  6. Analysis & Synthesis Resource Usage Summary
  7. Analysis & Synthesis Resource Utilization by Entity
  8. Registers Removed During Synthesis
  9. Removed Registers Triggering Further Register Optimizations
 10. General Register Statistics
 11. Multiplexer Restructuring Statistics (Restructuring Performed)
 12. Parameter Settings for User Entity Instance: clk_div:clk_div1
 13. Parameter Settings for User Entity Instance: clk_div:clk_div2
 14. Parameter Settings for User Entity Instance: clk_div:clk_div3
 15. Parameter Settings for User Entity Instance: counter:counter
 16. Port Connectivity Checks: "clicker:clicker"
 17. Post-Synthesis Netlist Statistics for Top Partition
 18. Elapsed Time Per Partition
 19. Analysis & Synthesis Messages
 20. Analysis & Synthesis Suppressed Messages



----------------
; Legal Notice ;
----------------
Copyright (C) 2018  Intel Corporation. All rights reserved.
Your use of Intel Corporation's design tools, logic functions 
and other software and tools, and its AMPP partner logic 
functions, and any output files from any of the foregoing 
(including device programming or simulation files), and any 
associated documentation or information are expressly subject 
to the terms and conditions of the Intel Program License 
Subscription Agreement, the Intel Quartus Prime License Agreement,
the Intel FPGA IP License Agreement, or other applicable license
agreement, including, without limitation, that your use is for
the sole purpose of programming logic devices manufactured by
Intel and sold by Intel or its authorized distributors.  Please
refer to the applicable agreement for further details.



+----------------------------------------------------------------------------------+
; Analysis & Synthesis Summary                                                     ;
+------------------------------------+---------------------------------------------+
; Analysis & Synthesis Status        ; Successful - Tue Apr  9 11:10:37 2019       ;
; Quartus Prime Version              ; 18.1.0 Build 625 09/12/2018 SJ Lite Edition ;
; Revision Name                      ; top                                         ;
; Top-level Entity Name              ; top                                         ;
; Family                             ; Cyclone IV E                                ;
; Total logic elements               ; 116                                         ;
;     Total combinational functions  ; 116                                         ;
;     Dedicated logic registers      ; 70                                          ;
; Total registers                    ; 70                                          ;
; Total pins                         ; 17                                          ;
; Total virtual pins                 ; 0                                           ;
; Total memory bits                  ; 0                                           ;
; Embedded Multiplier 9-bit elements ; 0                                           ;
; Total PLLs                         ; 0                                           ;
+------------------------------------+---------------------------------------------+


+------------------------------------------------------------------------------------------------------------+
; Analysis & Synthesis Settings                                                                              ;
+------------------------------------------------------------------+--------------------+--------------------+
; Option                                                           ; Setting            ; Default Value      ;
+------------------------------------------------------------------+--------------------+--------------------+
; Device                                                           ; EP4CE6E22C8        ;                    ;
; Top-level entity name                                            ; top                ; top                ;
; Family name                                                      ; Cyclone IV E       ; Cyclone V          ;
; Use smart compilation                                            ; Off                ; Off                ;
; Enable parallel Assembler and Timing Analyzer during compilation ; On                 ; On                 ;
; Enable compact report table                                      ; Off                ; Off                ;
; Restructure Multiplexers                                         ; Auto               ; Auto               ;
; Create Debugging Nodes for IP Cores                              ; Off                ; Off                ;
; Preserve fewer node names                                        ; On                 ; On                 ;
; Intel FPGA IP Evaluation Mode                                    ; Enable             ; Enable             ;
; Verilog Version                                                  ; Verilog_2001       ; Verilog_2001       ;
; VHDL Version                                                     ; VHDL_1993          ; VHDL_1993          ;
; State Machine Processing                                         ; Auto               ; Auto               ;
; Safe State Machine                                               ; Off                ; Off                ;
; Extract Verilog State Machines                                   ; On                 ; On                 ;
; Extract VHDL State Machines                                      ; On                 ; On                 ;
; Ignore Verilog initial constructs                                ; Off                ; Off                ;
; Iteration limit for constant Verilog loops                       ; 5000               ; 5000               ;
; Iteration limit for non-constant Verilog loops                   ; 250                ; 250                ;
; Add Pass-Through Logic to Inferred RAMs                          ; On                 ; On                 ;
; Infer RAMs from Raw Logic                                        ; On                 ; On                 ;
; Parallel Synthesis                                               ; On                 ; On                 ;
; DSP Block Balancing                                              ; Auto               ; Auto               ;
; NOT Gate Push-Back                                               ; On                 ; On                 ;
; Power-Up Don't Care                                              ; On                 ; On                 ;
; Remove Redundant Logic Cells                                     ; Off                ; Off                ;
; Remove Duplicate Registers                                       ; On                 ; On                 ;
; Ignore CARRY Buffers                                             ; Off                ; Off                ;
; Ignore CASCADE Buffers                                           ; Off                ; Off                ;
; Ignore GLOBAL Buffers                                            ; Off                ; Off                ;
; Ignore ROW GLOBAL Buffers                                        ; Off                ; Off                ;
; Ignore LCELL Buffers                                             ; Off                ; Off                ;
; Ignore SOFT Buffers                                              ; On                 ; On                 ;
; Limit AHDL Integers to 32 Bits                                   ; Off                ; Off                ;
; Optimization Technique                                           ; Balanced           ; Balanced           ;
; Carry Chain Length                                               ; 70                 ; 70                 ;
; Auto Carry Chains                                                ; On                 ; On                 ;
; Auto Open-Drain Pins                                             ; On                 ; On                 ;
; Perform WYSIWYG Primitive Resynthesis                            ; Off                ; Off                ;
; Auto ROM Replacement                                             ; On                 ; On                 ;
; Auto RAM Replacement                                             ; On                 ; On                 ;
; Auto DSP Block Replacement                                       ; On                 ; On                 ;
; Auto Shift Register Replacement                                  ; Auto               ; Auto               ;
; Allow Shift Register Merging across Hierarchies                  ; Auto               ; Auto               ;
; Auto Clock Enable Replacement                                    ; On                 ; On                 ;
; Strict RAM Replacement                                           ; Off                ; Off                ;
; Allow Synchronous Control Signals                                ; On                 ; On                 ;
; Force Use of Synchronous Clear Signals                           ; Off                ; Off                ;
; Auto RAM Block Balancing                                         ; On                 ; On                 ;
; Auto RAM to Logic Cell Conversion                                ; Off                ; Off                ;
; Auto Resource Sharing                                            ; Off                ; Off                ;
; Allow Any RAM Size For Recognition                               ; Off                ; Off                ;
; Allow Any ROM Size For Recognition                               ; Off                ; Off                ;
; Allow Any Shift Register Size For Recognition                    ; Off                ; Off                ;
; Use LogicLock Constraints during Resource Balancing              ; On                 ; On                 ;
; Ignore translate_off and synthesis_off directives                ; Off                ; Off                ;
; Timing-Driven Synthesis                                          ; On                 ; On                 ;
; Report Parameter Settings                                        ; On                 ; On                 ;
; Report Source Assignments                                        ; On                 ; On                 ;
; Report Connectivity Checks                                       ; On                 ; On                 ;
; Ignore Maximum Fan-Out Assignments                               ; Off                ; Off                ;
; Synchronization Register Chain Length                            ; 2                  ; 2                  ;
; Power Optimization During Synthesis                              ; Normal compilation ; Normal compilation ;
; HDL message level                                                ; Level2             ; Level2             ;
; Suppress Register Optimization Related Messages                  ; Off                ; Off                ;
; Number of Removed Registers Reported in Synthesis Report         ; 5000               ; 5000               ;
; Number of Swept Nodes Reported in Synthesis Report               ; 5000               ; 5000               ;
; Number of Inverted Registers Reported in Synthesis Report        ; 100                ; 100                ;
; Clock MUX Protection                                             ; On                 ; On                 ;
; Auto Gated Clock Conversion                                      ; Off                ; Off                ;
; Block Design Naming                                              ; Auto               ; Auto               ;
; SDC constraint protection                                        ; Off                ; Off                ;
; Synthesis Effort                                                 ; Auto               ; Auto               ;
; Shift Register Replacement - Allow Asynchronous Clear Signal     ; On                 ; On                 ;
; Pre-Mapping Resynthesis Optimization                             ; Off                ; Off                ;
; Analysis & Synthesis Message Level                               ; Medium             ; Medium             ;
; Disable Register Merging Across Hierarchies                      ; Auto               ; Auto               ;
; Resource Aware Inference For Block RAM                           ; On                 ; On                 ;
+------------------------------------------------------------------+--------------------+--------------------+


+------------------------------------------+
; Parallel Compilation                     ;
+----------------------------+-------------+
; Processors                 ; Number      ;
+----------------------------+-------------+
; Number detected on machine ; 8           ;
; Maximum allowed            ; 4           ;
;                            ;             ;
; Average used               ; 1.00        ;
; Maximum used               ; 4           ;
;                            ;             ;
; Usage by Processor         ; % Time Used ;
;     Processor 1            ; 100.0%      ;
;     Processors 2-4         ;   0.0%      ;
+----------------------------+-------------+


+---------------------------------------------------------------------------------------------------------------------------------------------------+
; Analysis & Synthesis Source Files Read                                                                                                            ;
+----------------------------------+-----------------+------------------------+-----------------------------------------------------------+---------+
; File Name with User-Entered Path ; Used in Netlist ; File Type              ; File Name with Absolute Path                              ; Library ;
+----------------------------------+-----------------+------------------------+-----------------------------------------------------------+---------+
; hex_display.v                    ; yes             ; User Verilog HDL File  ; /home/julius/github/Studies/FPGA/Basic_GPIO/hex_display.v ;         ;
; counter.v                        ; yes             ; User Verilog HDL File  ; /home/julius/github/Studies/FPGA/Basic_GPIO/counter.v     ;         ;
; clk_div.v                        ; yes             ; User Verilog HDL File  ; /home/julius/github/Studies/FPGA/Basic_GPIO/clk_div.v     ;         ;
; top.v                            ; yes             ; User Verilog HDL File  ; /home/julius/github/Studies/FPGA/Basic_GPIO/top.v         ;         ;
; clicker.v                        ; yes             ; User Verilog HDL File  ; /home/julius/github/Studies/FPGA/Basic_GPIO/clicker.v     ;         ;
+----------------------------------+-----------------+------------------------+-----------------------------------------------------------+---------+


+---------------------------------------------------------+
; Analysis & Synthesis Resource Usage Summary             ;
+---------------------------------------------+-----------+
; Resource                                    ; Usage     ;
+---------------------------------------------+-----------+
; Estimated Total logic elements              ; 116       ;
;                                             ;           ;
; Total combinational functions               ; 116       ;
; Logic element usage by number of LUT inputs ;           ;
;     -- 4 input functions                    ; 35        ;
;     -- 3 input functions                    ; 16        ;
;     -- <=2 input functions                  ; 65        ;
;                                             ;           ;
; Logic elements by mode                      ;           ;
;     -- normal mode                          ; 62        ;
;     -- arithmetic mode                      ; 54        ;
;                                             ;           ;
; Total registers                             ; 70        ;
;     -- Dedicated logic registers            ; 70        ;
;     -- I/O registers                        ; 0         ;
;                                             ;           ;
; I/O pins                                    ; 17        ;
;                                             ;           ;
; Embedded Multiplier 9-bit elements          ; 0         ;
;                                             ;           ;
; Maximum fan-out node                        ; CLK~input ;
; Maximum fan-out                             ; 46        ;
; Total fan-out                               ; 481       ;
; Average fan-out                             ; 2.19      ;
+---------------------------------------------+-----------+


+--------------------------------------------------------------------------------------------------------------------------------------------------------------------------------------------------------------------------------------------+
; Analysis & Synthesis Resource Utilization by Entity                                                                                                                                                                                        ;
+-------------------------------+---------------------+---------------------------+-------------+--------------+---------+-----------+------+--------------+----------------------------------------------------+-------------+--------------+
; Compilation Hierarchy Node    ; Combinational ALUTs ; Dedicated Logic Registers ; Memory Bits ; DSP Elements ; DSP 9x9 ; DSP 18x18 ; Pins ; Virtual Pins ; Full Hierarchy Name                                ; Entity Name ; Library Name ;
+-------------------------------+---------------------+---------------------------+-------------+--------------+---------+-----------+------+--------------+----------------------------------------------------+-------------+--------------+
; |top                          ; 116 (0)             ; 70 (0)                    ; 0           ; 0            ; 0       ; 0         ; 17   ; 0            ; |top                                               ; top         ; work         ;
;    |clicker:clicker|          ; 9 (9)               ; 5 (5)                     ; 0           ; 0            ; 0       ; 0         ; 0    ; 0            ; |top|clicker:clicker                               ; clicker     ; work         ;
;    |clk_div:clk_div1|         ; 16 (16)             ; 12 (12)                   ; 0           ; 0            ; 0       ; 0         ; 0    ; 0            ; |top|clk_div:clk_div1                              ; clk_div     ; work         ;
;    |clk_div:clk_div2|         ; 29 (29)             ; 22 (22)                   ; 0           ; 0            ; 0       ; 0         ; 0    ; 0            ; |top|clk_div:clk_div2                              ; clk_div     ; work         ;
;    |clk_div:clk_div3|         ; 16 (16)             ; 12 (12)                   ; 0           ; 0            ; 0       ; 0         ; 0    ; 0            ; |top|clk_div:clk_div3                              ; clk_div     ; work         ;
;    |counter:counter|          ; 16 (16)             ; 16 (16)                   ; 0           ; 0            ; 0       ; 0         ; 0    ; 0            ; |top|counter:counter                               ; counter     ; work         ;
;    |hex_display:hex_display|  ; 30 (23)             ; 3 (3)                     ; 0           ; 0            ; 0       ; 0         ; 0    ; 0            ; |top|hex_display:hex_display                       ; hex_display ; work         ;
;       |hex_to_seg:hex_to_seg| ; 7 (7)               ; 0 (0)                     ; 0           ; 0            ; 0       ; 0         ; 0    ; 0            ; |top|hex_display:hex_display|hex_to_seg:hex_to_seg ; hex_to_seg  ; work         ;
+-------------------------------+---------------------+---------------------------+-------------+--------------+---------+-----------+------+--------------+----------------------------------------------------+-------------+--------------+
Note: For table entries with two numbers listed, the numbers in parentheses indicate the number of resources of the given type used by the specific entity alone. The numbers listed outside of parentheses indicate the total resources of the given type used by the specific entity and all of its sub-entities in the hierarchy.


+-----------------------------------------------------------------------------+
; Registers Removed During Synthesis                                          ;
+----------------------------------------+------------------------------------+
; Register name                          ; Reason for Removal                 ;
+----------------------------------------+------------------------------------+
; clicker:clicker|prev                   ; Merged with clicker:clicker|cnt[0] ;
; clicker:clicker|cnt[1..15]             ; Lost fanout                        ;
; Total Number of Removed Registers = 16 ;                                    ;
+----------------------------------------+------------------------------------+


+-----------------------------------------------------------------------------------------------------------------------+
; Removed Registers Triggering Further Register Optimizations                                                           ;
+------------------------+--------------------+-------------------------------------------------------------------------+
; Register name          ; Reason for Removal ; Registers Removed due to This Register                                  ;
+------------------------+--------------------+-------------------------------------------------------------------------+
; clicker:clicker|cnt[1] ; Lost Fanouts       ; clicker:clicker|cnt[2], clicker:clicker|cnt[3], clicker:clicker|cnt[4], ;
;                        ;                    ; clicker:clicker|cnt[5]                                                  ;
+------------------------+--------------------+-------------------------------------------------------------------------+


+------------------------------------------------------+
; General Register Statistics                          ;
+----------------------------------------------+-------+
; Statistic                                    ; Value ;
+----------------------------------------------+-------+
; Total registers                              ; 70    ;
; Number of registers using Synchronous Clear  ; 0     ;
; Number of registers using Synchronous Load   ; 0     ;
; Number of registers using Asynchronous Clear ; 0     ;
; Number of registers using Asynchronous Load  ; 0     ;
; Number of registers using Clock Enable       ; 0     ;
; Number of registers using Preset             ; 0     ;
+----------------------------------------------+-------+


+-------------------------------------------------------------------------------------------------------------------------------------------------+
; Multiplexer Restructuring Statistics (Restructuring Performed)                                                                                  ;
+--------------------+-----------+---------------+----------------------+------------------------+------------+-----------------------------------+
; Multiplexer Inputs ; Bus Width ; Baseline Area ; Area if Restructured ; Saving if Restructured ; Registered ; Example Multiplexer Output        ;
+--------------------+-----------+---------------+----------------------+------------------------+------------+-----------------------------------+
; 3:1                ; 4 bits    ; 8 LEs         ; 4 LEs                ; 4 LEs                  ; Yes        ; |top|clicker:clicker|buff[0]      ;
; 8:1                ; 3 bits    ; 15 LEs        ; 9 LEs                ; 6 LEs                  ; No         ; |top|hex_display:hex_display|Mux1 ;
+--------------------+-----------+---------------+----------------------+------------------------+------------+-----------------------------------+


+---------------------------------------------------------------+
; Parameter Settings for User Entity Instance: clk_div:clk_div1 ;
+----------------+-------+--------------------------------------+
; Parameter Name ; Value ; Type                                 ;
+----------------+-------+--------------------------------------+
; X              ; 12    ; Signed Integer                       ;
+----------------+-------+--------------------------------------+
Note: In order to hide this table in the UI and the text report file, please set the "Show Parameter Settings in Synthesis Report" option in "Analysis and Synthesis Settings -> More Settings" to "Off".


+---------------------------------------------------------------+
; Parameter Settings for User Entity Instance: clk_div:clk_div2 ;
+----------------+-------+--------------------------------------+
; Parameter Name ; Value ; Type                                 ;
+----------------+-------+--------------------------------------+
; X              ; 22    ; Signed Integer                       ;
+----------------+-------+--------------------------------------+
Note: In order to hide this table in the UI and the text report file, please set the "Show Parameter Settings in Synthesis Report" option in "Analysis and Synthesis Settings -> More Settings" to "Off".


+---------------------------------------------------------------+
; Parameter Settings for User Entity Instance: clk_div:clk_div3 ;
+----------------+-------+--------------------------------------+
; Parameter Name ; Value ; Type                                 ;
+----------------+-------+--------------------------------------+
; X              ; 12    ; Signed Integer                       ;
+----------------+-------+--------------------------------------+
Note: In order to hide this table in the UI and the text report file, please set the "Show Parameter Settings in Synthesis Report" option in "Analysis and Synthesis Settings -> More Settings" to "Off".


+--------------------------------------------------------------+
; Parameter Settings for User Entity Instance: counter:counter ;
+----------------+-------+-------------------------------------+
; Parameter Name ; Value ; Type                                ;
+----------------+-------+-------------------------------------+
; W              ; 16    ; Signed Integer                      ;
+----------------+-------+-------------------------------------+
Note: In order to hide this table in the UI and the text report file, please set the "Show Parameter Settings in Synthesis Report" option in "Analysis and Synthesis Settings -> More Settings" to "Off".


+----------------------------------------------------------------------------------------------------------------------------------------------------------------------------------------------------+
; Port Connectivity Checks: "clicker:clicker"                                                                                                                                                        ;
+------+--------+----------+-------------------------------------------------------------------------------------------------------------------------------------------------------------------------+
; Port ; Type   ; Severity ; Details                                                                                                                                                                 ;
+------+--------+----------+-------------------------------------------------------------------------------------------------------------------------------------------------------------------------+
; q    ; Output ; Warning  ; Output or bidir port (1 bits) is smaller than the port expression (16 bits) it drives.  The 15 most-significant bit(s) in the port expression will be connected to GND. ;
+------+--------+----------+-------------------------------------------------------------------------------------------------------------------------------------------------------------------------+


+-----------------------------------------------------+
; Post-Synthesis Netlist Statistics for Top Partition ;
+-----------------------+-----------------------------+
; Type                  ; Count                       ;
+-----------------------+-----------------------------+
; boundary_port         ; 17                          ;
; cycloneiii_ff         ; 70                          ;
;     plain             ; 70                          ;
; cycloneiii_lcell_comb ; 122                         ;
;     arith             ; 54                          ;
;         2 data inputs ; 50                          ;
;         3 data inputs ; 4                           ;
;     normal            ; 68                          ;
;         1 data inputs ; 15                          ;
;         2 data inputs ; 6                           ;
;         3 data inputs ; 12                          ;
;         4 data inputs ; 35                          ;
;                       ;                             ;
; Max LUT depth         ; 5.00                        ;
; Average LUT depth     ; 2.50                        ;
+-----------------------+-----------------------------+


+-------------------------------+
; Elapsed Time Per Partition    ;
+----------------+--------------+
; Partition Name ; Elapsed Time ;
+----------------+--------------+
; Top            ; 00:00:00     ;
+----------------+--------------+


+-------------------------------+
; Analysis & Synthesis Messages ;
+-------------------------------+
Info: *******************************************************************
Info: Running Quartus Prime Analysis & Synthesis
    Info: Version 18.1.0 Build 625 09/12/2018 SJ Lite Edition
    Info: Processing started: Tue Apr  9 11:10:27 2019
Info: Command: quartus_map --read_settings_files=on --write_settings_files=off Basic_GPIO -c top
Warning (18236): Number of processors has not been specified which may cause overloading on shared machines.  Set the global assignment NUM_PARALLEL_PROCESSORS in your QSF to an appropriate value for best performance.
Info (20030): Parallel compilation is enabled and will use 4 of the 4 processors detected
Info (12021): Found 2 design units, including 2 entities, in source file hex_display.v
    Info (12023): Found entity 1: hex_display File: /home/julius/github/Studies/FPGA/Basic_GPIO/hex_display.v Line: 1
    Info (12023): Found entity 2: hex_to_seg File: /home/julius/github/Studies/FPGA/Basic_GPIO/hex_display.v Line: 33
Info (12021): Found 1 design units, including 1 entities, in source file counter.v
    Info (12023): Found entity 1: counter File: /home/julius/github/Studies/FPGA/Basic_GPIO/counter.v Line: 1
Info (12021): Found 1 design units, including 1 entities, in source file clk_div.v
    Info (12023): Found entity 1: clk_div File: /home/julius/github/Studies/FPGA/Basic_GPIO/clk_div.v Line: 1
Info (12021): Found 1 design units, including 1 entities, in source file top.v
    Info (12023): Found entity 1: top File: /home/julius/github/Studies/FPGA/Basic_GPIO/top.v Line: 1
Info (12021): Found 1 design units, including 1 entities, in source file clicker.v
    Info (12023): Found entity 1: clicker File: /home/julius/github/Studies/FPGA/Basic_GPIO/clicker.v Line: 1
Info (12127): Elaborating entity "top" for the top level hierarchy
Info (12128): Elaborating entity "clk_div" for hierarchy "clk_div:clk_div1" File: /home/julius/github/Studies/FPGA/Basic_GPIO/top.v Line: 24
Warning (10230): Verilog HDL assignment warning at clk_div.v(13): truncated value with size 32 to match size of target (12) File: /home/julius/github/Studies/FPGA/Basic_GPIO/clk_div.v Line: 13
Info (12128): Elaborating entity "clk_div" for hierarchy "clk_div:clk_div2" File: /home/julius/github/Studies/FPGA/Basic_GPIO/top.v Line: 25
Warning (10230): Verilog HDL assignment warning at clk_div.v(13): truncated value with size 32 to match size of target (22) File: /home/julius/github/Studies/FPGA/Basic_GPIO/clk_div.v Line: 13
Info (12128): Elaborating entity "counter" for hierarchy "counter:counter" File: /home/julius/github/Studies/FPGA/Basic_GPIO/top.v Line: 28
Warning (10230): Verilog HDL assignment warning at counter.v(16): truncated value with size 32 to match size of target (16) File: /home/julius/github/Studies/FPGA/Basic_GPIO/counter.v Line: 16
Info (12128): Elaborating entity "clicker" for hierarchy "clicker:clicker" File: /home/julius/github/Studies/FPGA/Basic_GPIO/top.v Line: 30
Warning (10230): Verilog HDL assignment warning at clicker.v(7): truncated value with size 16 to match size of target (1) File: /home/julius/github/Studies/FPGA/Basic_GPIO/clicker.v Line: 7
Warning (10230): Verilog HDL assignment warning at clicker.v(17): truncated value with size 32 to match size of target (4) File: /home/julius/github/Studies/FPGA/Basic_GPIO/clicker.v Line: 17
Warning (10230): Verilog HDL assignment warning at clicker.v(23): truncated value with size 32 to match size of target (16) File: /home/julius/github/Studies/FPGA/Basic_GPIO/clicker.v Line: 23
Info (12128): Elaborating entity "hex_display" for hierarchy "hex_display:hex_display" File: /home/julius/github/Studies/FPGA/Basic_GPIO/top.v Line: 32
Info (12128): Elaborating entity "hex_to_seg" for hierarchy "hex_display:hex_display|hex_to_seg:hex_to_seg" File: /home/julius/github/Studies/FPGA/Basic_GPIO/hex_display.v Line: 29
Warning (12011): Net is missing source, defaulting to GND
    Warning (12110): Net "click_data[15]" is missing source, defaulting to GND File: /home/julius/github/Studies/FPGA/Basic_GPIO/top.v Line: 17
    Warning (12110): Net "click_data[14]" is missing source, defaulting to GND File: /home/julius/github/Studies/FPGA/Basic_GPIO/top.v Line: 17
    Warning (12110): Net "click_data[13]" is missing source, defaulting to GND File: /home/julius/github/Studies/FPGA/Basic_GPIO/top.v Line: 17
    Warning (12110): Net "click_data[12]" is missing source, defaulting to GND File: /home/julius/github/Studies/FPGA/Basic_GPIO/top.v Line: 17
    Warning (12110): Net "click_data[11]" is missing source, defaulting to GND File: /home/julius/github/Studies/FPGA/Basic_GPIO/top.v Line: 17
    Warning (12110): Net "click_data[10]" is missing source, defaulting to GND File: /home/julius/github/Studies/FPGA/Basic_GPIO/top.v Line: 17
    Warning (12110): Net "click_data[9]" is missing source, defaulting to GND File: /home/julius/github/Studies/FPGA/Basic_GPIO/top.v Line: 17
    Warning (12110): Net "click_data[8]" is missing source, defaulting to GND File: /home/julius/github/Studies/FPGA/Basic_GPIO/top.v Line: 17
    Warning (12110): Net "click_data[7]" is missing source, defaulting to GND File: /home/julius/github/Studies/FPGA/Basic_GPIO/top.v Line: 17
    Warning (12110): Net "click_data[6]" is missing source, defaulting to GND File: /home/julius/github/Studies/FPGA/Basic_GPIO/top.v Line: 17
    Warning (12110): Net "click_data[5]" is missing source, defaulting to GND File: /home/julius/github/Studies/FPGA/Basic_GPIO/top.v Line: 17
    Warning (12110): Net "click_data[4]" is missing source, defaulting to GND File: /home/julius/github/Studies/FPGA/Basic_GPIO/top.v Line: 17
    Warning (12110): Net "click_data[3]" is missing source, defaulting to GND File: /home/julius/github/Studies/FPGA/Basic_GPIO/top.v Line: 17
    Warning (12110): Net "click_data[2]" is missing source, defaulting to GND File: /home/julius/github/Studies/FPGA/Basic_GPIO/top.v Line: 17
    Warning (12110): Net "click_data[1]" is missing source, defaulting to GND File: /home/julius/github/Studies/FPGA/Basic_GPIO/top.v Line: 17
Warning (12011): Net is missing source, defaulting to GND
    Warning (12110): Net "click_data[15]" is missing source, defaulting to GND File: /home/julius/github/Studies/FPGA/Basic_GPIO/top.v Line: 17
    Warning (12110): Net "click_data[14]" is missing source, defaulting to GND File: /home/julius/github/Studies/FPGA/Basic_GPIO/top.v Line: 17
    Warning (12110): Net "click_data[13]" is missing source, defaulting to GND File: /home/julius/github/Studies/FPGA/Basic_GPIO/top.v Line: 17
    Warning (12110): Net "click_data[12]" is missing source, defaulting to GND File: /home/julius/github/Studies/FPGA/Basic_GPIO/top.v Line: 17
    Warning (12110): Net "click_data[11]" is missing source, defaulting to GND File: /home/julius/github/Studies/FPGA/Basic_GPIO/top.v Line: 17
    Warning (12110): Net "click_data[10]" is missing source, defaulting to GND File: /home/julius/github/Studies/FPGA/Basic_GPIO/top.v Line: 17
    Warning (12110): Net "click_data[9]" is missing source, defaulting to GND File: /home/julius/github/Studies/FPGA/Basic_GPIO/top.v Line: 17
    Warning (12110): Net "click_data[8]" is missing source, defaulting to GND File: /home/julius/github/Studies/FPGA/Basic_GPIO/top.v Line: 17
    Warning (12110): Net "click_data[7]" is missing source, defaulting to GND File: /home/julius/github/Studies/FPGA/Basic_GPIO/top.v Line: 17
    Warning (12110): Net "click_data[6]" is missing source, defaulting to GND File: /home/julius/github/Studies/FPGA/Basic_GPIO/top.v Line: 17
    Warning (12110): Net "click_data[5]" is missing source, defaulting to GND File: /home/julius/github/Studies/FPGA/Basic_GPIO/top.v Line: 17
    Warning (12110): Net "click_data[4]" is missing source, defaulting to GND File: /home/julius/github/Studies/FPGA/Basic_GPIO/top.v Line: 17
    Warning (12110): Net "click_data[3]" is missing source, defaulting to GND File: /home/julius/github/Studies/FPGA/Basic_GPIO/top.v Line: 17
    Warning (12110): Net "click_data[2]" is missing source, defaulting to GND File: /home/julius/github/Studies/FPGA/Basic_GPIO/top.v Line: 17
    Warning (12110): Net "click_data[1]" is missing source, defaulting to GND File: /home/julius/github/Studies/FPGA/Basic_GPIO/top.v Line: 17
Warning (12011): Net is missing source, defaulting to GND
    Warning (12110): Net "click_data[15]" is missing source, defaulting to GND File: /home/julius/github/Studies/FPGA/Basic_GPIO/top.v Line: 17
    Warning (12110): Net "click_data[14]" is missing source, defaulting to GND File: /home/julius/github/Studies/FPGA/Basic_GPIO/top.v Line: 17
    Warning (12110): Net "click_data[13]" is missing source, defaulting to GND File: /home/julius/github/Studies/FPGA/Basic_GPIO/top.v Line: 17
    Warning (12110): Net "click_data[12]" is missing source, defaulting to GND File: /home/julius/github/Studies/FPGA/Basic_GPIO/top.v Line: 17
    Warning (12110): Net "click_data[11]" is missing source, defaulting to GND File: /home/julius/github/Studies/FPGA/Basic_GPIO/top.v Line: 17
    Warning (12110): Net "click_data[10]" is missing source, defaulting to GND File: /home/julius/github/Studies/FPGA/Basic_GPIO/top.v Line: 17
    Warning (12110): Net "click_data[9]" is missing source, defaulting to GND File: /home/julius/github/Studies/FPGA/Basic_GPIO/top.v Line: 17
    Warning (12110): Net "click_data[8]" is missing source, defaulting to GND File: /home/julius/github/Studies/FPGA/Basic_GPIO/top.v Line: 17
    Warning (12110): Net "click_data[7]" is missing source, defaulting to GND File: /home/julius/github/Studies/FPGA/Basic_GPIO/top.v Line: 17
    Warning (12110): Net "click_data[6]" is missing source, defaulting to GND File: /home/julius/github/Studies/FPGA/Basic_GPIO/top.v Line: 17
    Warning (12110): Net "click_data[5]" is missing source, defaulting to GND File: /home/julius/github/Studies/FPGA/Basic_GPIO/top.v Line: 17
    Warning (12110): Net "click_data[4]" is missing source, defaulting to GND File: /home/julius/github/Studies/FPGA/Basic_GPIO/top.v Line: 17
    Warning (12110): Net "click_data[3]" is missing source, defaulting to GND File: /home/julius/github/Studies/FPGA/Basic_GPIO/top.v Line: 17
    Warning (12110): Net "click_data[2]" is missing source, defaulting to GND File: /home/julius/github/Studies/FPGA/Basic_GPIO/top.v Line: 17
    Warning (12110): Net "click_data[1]" is missing source, defaulting to GND File: /home/julius/github/Studies/FPGA/Basic_GPIO/top.v Line: 17
Warning (12011): Net is missing source, defaulting to GND
    Warning (12110): Net "click_data[15]" is missing source, defaulting to GND File: /home/julius/github/Studies/FPGA/Basic_GPIO/top.v Line: 17
    Warning (12110): Net "click_data[14]" is missing source, defaulting to GND File: /home/julius/github/Studies/FPGA/Basic_GPIO/top.v Line: 17
    Warning (12110): Net "click_data[13]" is missing source, defaulting to GND File: /home/julius/github/Studies/FPGA/Basic_GPIO/top.v Line: 17
    Warning (12110): Net "click_data[12]" is missing source, defaulting to GND File: /home/julius/github/Studies/FPGA/Basic_GPIO/top.v Line: 17
    Warning (12110): Net "click_data[11]" is missing source, defaulting to GND File: /home/julius/github/Studies/FPGA/Basic_GPIO/top.v Line: 17
    Warning (12110): Net "click_data[10]" is missing source, defaulting to GND File: /home/julius/github/Studies/FPGA/Basic_GPIO/top.v Line: 17
    Warning (12110): Net "click_data[9]" is missing source, defaulting to GND File: /home/julius/github/Studies/FPGA/Basic_GPIO/top.v Line: 17
    Warning (12110): Net "click_data[8]" is missing source, defaulting to GND File: /home/julius/github/Studies/FPGA/Basic_GPIO/top.v Line: 17
    Warning (12110): Net "click_data[7]" is missing source, defaulting to GND File: /home/julius/github/Studies/FPGA/Basic_GPIO/top.v Line: 17
    Warning (12110): Net "click_data[6]" is missing source, defaulting to GND File: /home/julius/github/Studies/FPGA/Basic_GPIO/top.v Line: 17
    Warning (12110): Net "click_data[5]" is missing source, defaulting to GND File: /home/julius/github/Studies/FPGA/Basic_GPIO/top.v Line: 17
    Warning (12110): Net "click_data[4]" is missing source, defaulting to GND File: /home/julius/github/Studies/FPGA/Basic_GPIO/top.v Line: 17
    Warning (12110): Net "click_data[3]" is missing source, defaulting to GND File: /home/julius/github/Studies/FPGA/Basic_GPIO/top.v Line: 17
    Warning (12110): Net "click_data[2]" is missing source, defaulting to GND File: /home/julius/github/Studies/FPGA/Basic_GPIO/top.v Line: 17
    Warning (12110): Net "click_data[1]" is missing source, defaulting to GND File: /home/julius/github/Studies/FPGA/Basic_GPIO/top.v Line: 17
Warning (12011): Net is missing source, defaulting to GND
    Warning (12110): Net "click_data[15]" is missing source, defaulting to GND File: /home/julius/github/Studies/FPGA/Basic_GPIO/top.v Line: 17
    Warning (12110): Net "click_data[14]" is missing source, defaulting to GND File: /home/julius/github/Studies/FPGA/Basic_GPIO/top.v Line: 17
    Warning (12110): Net "click_data[13]" is missing source, defaulting to GND File: /home/julius/github/Studies/FPGA/Basic_GPIO/top.v Line: 17
    Warning (12110): Net "click_data[12]" is missing source, defaulting to GND File: /home/julius/github/Studies/FPGA/Basic_GPIO/top.v Line: 17
    Warning (12110): Net "click_data[11]" is missing source, defaulting to GND File: /home/julius/github/Studies/FPGA/Basic_GPIO/top.v Line: 17
    Warning (12110): Net "click_data[10]" is missing source, defaulting to GND File: /home/julius/github/Studies/FPGA/Basic_GPIO/top.v Line: 17
    Warning (12110): Net "click_data[9]" is missing source, defaulting to GND File: /home/julius/github/Studies/FPGA/Basic_GPIO/top.v Line: 17
    Warning (12110): Net "click_data[8]" is missing source, defaulting to GND File: /home/julius/github/Studies/FPGA/Basic_GPIO/top.v Line: 17
    Warning (12110): Net "click_data[7]" is missing source, defaulting to GND File: /home/julius/github/Studies/FPGA/Basic_GPIO/top.v Line: 17
    Warning (12110): Net "click_data[6]" is missing source, defaulting to GND File: /home/julius/github/Studies/FPGA/Basic_GPIO/top.v Line: 17
    Warning (12110): Net "click_data[5]" is missing source, defaulting to GND File: /home/julius/github/Studies/FPGA/Basic_GPIO/top.v Line: 17
    Warning (12110): Net "click_data[4]" is missing source, defaulting to GND File: /home/julius/github/Studies/FPGA/Basic_GPIO/top.v Line: 17
    Warning (12110): Net "click_data[3]" is missing source, defaulting to GND File: /home/julius/github/Studies/FPGA/Basic_GPIO/top.v Line: 17
    Warning (12110): Net "click_data[2]" is missing source, defaulting to GND File: /home/julius/github/Studies/FPGA/Basic_GPIO/top.v Line: 17
    Warning (12110): Net "click_data[1]" is missing source, defaulting to GND File: /home/julius/github/Studies/FPGA/Basic_GPIO/top.v Line: 17
Warning (12241): 1 hierarchies have connectivity warnings - see the Connectivity Checks report folder
Info (286030): Timing-Driven Synthesis is running
Info (17049): 15 registers lost all their fanouts during netlist optimizations.
Info (144001): Generated suppressed messages file /home/julius/github/Studies/FPGA/Basic_GPIO/output_files/top.map.smsg
Info (16010): Generating hard_block partition "hard_block:auto_generated_inst"
    Info (16011): Adding 0 node(s), including 0 DDIO, 0 PLL, 0 transceiver and 0 LCELL
Info (21057): Implemented 133 device resources after synthesis - the final resource count might be different
    Info (21058): Implemented 2 input pins
    Info (21059): Implemented 15 output pins
    Info (21061): Implemented 116 logic cells
Info: Quartus Prime Analysis & Synthesis was successful. 0 errors, 88 warnings
    Info: Peak virtual memory: 983 megabytes
    Info: Processing ended: Tue Apr  9 11:10:37 2019
    Info: Elapsed time: 00:00:10
    Info: Total CPU time (on all processors): 00:00:26


+------------------------------------------+
; Analysis & Synthesis Suppressed Messages ;
+------------------------------------------+
The suppressed messages can be found in /home/julius/github/Studies/FPGA/Basic_GPIO/output_files/top.map.smsg.


