------------------------------------------------------------
Timing Analyzer Summary
------------------------------------------------------------

Type  : Slow 1200mV 85C Model Setup 'CLK'
Slack : -3.031
TNS   : -114.321

Type  : Slow 1200mV 85C Model Setup 'clk_div:clk_div3|q[0]'
Slack : -2.054
TNS   : -22.964

Type  : Slow 1200mV 85C Model Setup 'clk_div:clk_div2|q[0]'
Slack : -1.922
TNS   : -20.370

Type  : Slow 1200mV 85C Model Setup 'clk_div:clk_div1|q[0]'
Slack : -0.539
TNS   : -0.944

Type  : Slow 1200mV 85C Model Hold 'clk_div:clk_div1|q[0]'
Slack : 0.453
TNS   : 0.000

Type  : Slow 1200mV 85C Model Hold 'clk_div:clk_div2|q[0]'
Slack : 0.465
TNS   : 0.000

Type  : Slow 1200mV 85C Model Hold 'clk_div:clk_div3|q[0]'
Slack : 0.465
TNS   : 0.000

Type  : Slow 1200mV 85C Model Hold 'CLK'
Slack : 0.677
TNS   : 0.000

Type  : Slow 1200mV 85C Model Minimum Pulse Width 'CLK'
Slack : -3.000
TNS   : -86.272

Type  : Slow 1200mV 85C Model Minimum Pulse Width 'clk_div:clk_div2|q[0]'
Slack : -1.487
TNS   : -23.792

Type  : Slow 1200mV 85C Model Minimum Pulse Width 'clk_div:clk_div3|q[0]'
Slack : -1.487
TNS   : -23.792

Type  : Slow 1200mV 85C Model Minimum Pulse Width 'clk_div:clk_div1|q[0]'
Slack : -1.487
TNS   : -5.948

Type  : Slow 1200mV 0C Model Setup 'CLK'
Slack : -2.633
TNS   : -98.726

Type  : Slow 1200mV 0C Model Setup 'clk_div:clk_div3|q[0]'
Slack : -1.771
TNS   : -19.637

Type  : Slow 1200mV 0C Model Setup 'clk_div:clk_div2|q[0]'
Slack : -1.595
TNS   : -16.727

Type  : Slow 1200mV 0C Model Setup 'clk_div:clk_div1|q[0]'
Slack : -0.441
TNS   : -0.660

Type  : Slow 1200mV 0C Model Hold 'clk_div:clk_div1|q[0]'
Slack : 0.401
TNS   : 0.000

Type  : Slow 1200mV 0C Model Hold 'clk_div:clk_div2|q[0]'
Slack : 0.417
TNS   : 0.000

Type  : Slow 1200mV 0C Model Hold 'clk_div:clk_div3|q[0]'
Slack : 0.417
TNS   : 0.000

Type  : Slow 1200mV 0C Model Hold 'CLK'
Slack : 0.651
TNS   : 0.000

Type  : Slow 1200mV 0C Model Minimum Pulse Width 'CLK'
Slack : -3.000
TNS   : -86.272

Type  : Slow 1200mV 0C Model Minimum Pulse Width 'clk_div:clk_div2|q[0]'
Slack : -1.487
TNS   : -24.224

Type  : Slow 1200mV 0C Model Minimum Pulse Width 'clk_div:clk_div3|q[0]'
Slack : -1.487
TNS   : -23.792

Type  : Slow 1200mV 0C Model Minimum Pulse Width 'clk_div:clk_div1|q[0]'
Slack : -1.487
TNS   : -5.948

Type  : Fast 1200mV 0C Model Setup 'CLK'
Slack : -1.252
TNS   : -43.763

Type  : Fast 1200mV 0C Model Setup 'clk_div:clk_div3|q[0]'
Slack : -0.331
TNS   : -1.765

Type  : Fast 1200mV 0C Model Setup 'clk_div:clk_div2|q[0]'
Slack : -0.292
TNS   : -1.284

Type  : Fast 1200mV 0C Model Setup 'clk_div:clk_div1|q[0]'
Slack : 0.319
TNS   : 0.000

Type  : Fast 1200mV 0C Model Hold 'clk_div:clk_div1|q[0]'
Slack : 0.186
TNS   : 0.000

Type  : Fast 1200mV 0C Model Hold 'CLK'
Slack : 0.193
TNS   : 0.000

Type  : Fast 1200mV 0C Model Hold 'clk_div:clk_div2|q[0]'
Slack : 0.194
TNS   : 0.000

Type  : Fast 1200mV 0C Model Hold 'clk_div:clk_div3|q[0]'
Slack : 0.194
TNS   : 0.000

Type  : Fast 1200mV 0C Model Minimum Pulse Width 'CLK'
Slack : -3.000
TNS   : -60.581

Type  : Fast 1200mV 0C Model Minimum Pulse Width 'clk_div:clk_div2|q[0]'
Slack : -1.000
TNS   : -16.000

Type  : Fast 1200mV 0C Model Minimum Pulse Width 'clk_div:clk_div3|q[0]'
Slack : -1.000
TNS   : -16.000

Type  : Fast 1200mV 0C Model Minimum Pulse Width 'clk_div:clk_div1|q[0]'
Slack : -1.000
TNS   : -4.000

------------------------------------------------------------
